This is pdfTeX, Version 3.141592653-2.6-1.40.29 (TeX Live 2026) (preloaded format=pdflatex 2026.3.16)  23 MAR 2026 18:54
entering extended mode
 restricted \write18 enabled.
 %&-line parsing enabled.
**apa7.dtx
(./apa7.dtx
LaTeX2e <2025-11-01>
L3 programming layer <2026-01-19>
(/opt/TinyTeX/texmf-dist/tex/latex/base/docstrip.tex
\blockLevel=\count275
\emptyLines=\count276
\processedLines=\count277
\commentsRemoved=\count278
\commentsPassed=\count279
\codeLinesPassed=\count280
\TotalprocessedLines=\count281
\TotalcommentsRemoved=\count282
\TotalcommentsPassed=\count283
\TotalcodeLinesPassed=\count284
\NumberOfFiles=\count285
\inFile=\read2
\inputcheck=\read3
\off@0=\count286
\off@1=\count287
\off@2=\count288
\off@3=\count289
\off@4=\count290
\off@5=\count291
\off@6=\count292
\off@7=\count293
\off@8=\count294
\off@9=\count295
\off@10=\count296
\off@11=\count297
\off@12=\count298
\off@13=\count299
\off@14=\count300
\off@15=\count301
\@maxfiles=\count302
\@maxoutfiles=\count303

Utility: `docstrip' v2.6c <2024-12-23>
English documentation    <2025-09-23>

**********************************************************
* This program converts documented macro-files into fast *
* loadable files by stripping off (nearly) all comments! *
**********************************************************

********************************************************
* No Configuration file found, using default settings. *
********************************************************

)

Generating file(s) ./apa7.cls 
\openout0 = `./apa7.cls'.


Processing file apa7.dtx (class) -> apa7.cls
Lines  processed: 3892
Comments removed: 1333
Comments  passed: 46
Codelines passed: 2463


Generating file(s) ././config/APA7american.txt ././config/APA7british.txt ././config/APA7dutch.txt ././config/APA7english.txt ././config/APA7french.txt ././config/APA7german.txt ././config/APA7ngerman.txt ././config/APA7greek.txt ././config/APA7czech.txt ././config/APA7turkish.txt ././config/APA7spanish.txt ././config/APA7hungarian.txt ././config/APA7endfloat.cfg 
\openout0 = `././config/APA7american.txt'.

\openout1 = `././config/APA7british.txt'.

\openout2 = `././config/APA7dutch.txt'.

\openout3 = `././config/APA7english.txt'.

\openout4 = `././config/APA7french.txt'.

\openout5 = `././config/APA7german.txt'.

\openout6 = `././config/APA7ngerman.txt'.

\openout7 = `././config/APA7greek.txt'.

\openout8 = `././config/APA7czech.txt'.

\openout9 = `././config/APA7turkish.txt'.

\openout10 = `././config/APA7spanish.txt'.

\openout11 = `././config/APA7hungarian.txt'.

\openout12 = `././config/APA7endfloat.cfg'.


Processing file apa7.dtx (american) -> ./config/APA7american.txt
                         (british) -> ./config/APA7british.txt
                         (dutch) -> ./config/APA7dutch.txt
                         (english) -> ./config/APA7english.txt
                         (french) -> ./config/APA7french.txt
                         (german) -> ./config/APA7german.txt
                         (ngerman) -> ./config/APA7ngerman.txt
                         (greek) -> ./config/APA7greek.txt
                         (czech) -> ./config/APA7czech.txt
                         (turkish) -> ./config/APA7turkish.txt
                         (spanish) -> ./config/APA7spanish.txt
                         (hungarian) -> ./config/APA7hungarian.txt
                         (APAendfloat) -> ./config/APA7endfloat.cfg
Lines  processed: 3892
Comments removed: 1333
Comments  passed: 46
Codelines passed: 2463


Generating file(s) ././samples/bibliography.bib ././samples/shortsample.tex ././samples/longsample.tex 
\openout0 = `././samples/bibliography.bib'.

\openout1 = `././samples/shortsample.tex'.

\openout2 = `././samples/longsample.tex'.


Processing file apa7.dtx (bibliography) -> ./samples/bibliography.bib
                         (shortsample) -> ./samples/shortsample.tex
                         (longsample) -> ./samples/longsample.tex
Lines  processed: 3892
Comments removed: 1333
Comments  passed: 46
Codelines passed: 2463


Generating file(s) ./apa7.ins 
\openout0 = `./apa7.ins'.


Processing file apa7.dtx (install) -> apa7.ins
Lines  processed: 3892
Comments removed: 1333
Comments  passed: 46
Codelines passed: 2463


Generating file(s) ./README.txt 
\openout0 = `./README.txt'.


Processing file apa7.dtx (readme) -> README.txt
Lines  processed: 3892
Comments removed: 1333
Comments  passed: 46
Codelines passed: 2463

(/opt/TinyTeX/texmf-dist/tex/latex/base/ltxdoc.cls
Document Class: ltxdoc 2024/02/08 v2.1j Standard LaTeX documentation class
*************************************
* Local config file ltxdoc.cfg used
*************************************
(/opt/TinyTeX/texmf-dist/tex/latex/base/ltxdoc.cfg
File: ltxdoc.cfg 2022/06/14 v2.0d ltxdoc.cls configuration (LaTeX Project)
) (/opt/TinyTeX/texmf-dist/tex/latex/base/article.cls
Document Class: article 2025/01/22 v1.4n Standard LaTeX document class
(/opt/TinyTeX/texmf-dist/tex/latex/base/size10.clo
File: size10.clo 2025/01/22 v1.4n Standard LaTeX file (size option)
)
\c@part=\count304
\c@section=\count305
\c@subsection=\count306
\c@subsubsection=\count307
\c@paragraph=\count308
\c@subparagraph=\count309
\c@figure=\count310
\c@table=\count311
\abovecaptionskip=\skip49
\belowcaptionskip=\skip50
\bibindent=\dimen148
) (/opt/TinyTeX/texmf-dist/tex/latex/base/doc.sty
Package: doc 2024/12/25 v3.0q Standard LaTeX documentation package V3 (FMi)
\c@StandardModuleDepth=\count312
\guard@level=\count313
\MacrocodeTopsep=\skip51
\MacroIndent=\dimen149
\macro@cnt=\count314
\MacroTopsep=\skip52
\IndexMin=\dimen150
\c@IndexColumns=\count315
 (/opt/TinyTeX/texmf-dist/tex/latex/tools/multicol.sty
Package: multicol 2025/10/21 v2.0b multicolumn formatting (FMi)
\c@tracingmulticols=\count316
\mult@box=\box53
\multicol@leftmargin=\dimen151
\c@unbalance=\count317
\c@collectmore=\count318
\doublecol@number=\count319
\multicoltolerance=\count320
\multicolpretolerance=\count321
\full@width=\dimen152
\page@free=\dimen153
\premulticols=\dimen154
\postmulticols=\dimen155
\multicolsep=\skip53
\multicolbaselineskip=\skip54
\partial@page=\box54
\last@line=\box55
\mc@boxedresult=\box56
\maxbalancingoverflow=\dimen156
\mult@rightbox=\box57
\mult@grightbox=\box58
\mult@firstbox=\box59
\mult@gfirstbox=\box60
\@tempa=\box61
\@tempa=\box62
\@tempa=\box63
\@tempa=\box64
\@tempa=\box65
\@tempa=\box66
\@tempa=\box67
\@tempa=\box68
\@tempa=\box69
\@tempa=\box70
\@tempa=\box71
\@tempa=\box72
\@tempa=\box73
\@tempa=\box74
\@tempa=\box75
\@tempa=\box76
\@tempa=\box77
\@tempa=\box78
\@tempa=\box79
\@tempa=\box80
\@tempa=\box81
\@tempa=\box82
\@tempa=\box83
\@tempa=\box84
\@tempa=\box85
\@tempa=\box86
\@tempa=\box87
\@tempa=\box88
\@tempa=\box89
\@tempa=\box90
\@tempa=\box91
\@tempa=\box92
\@tempa=\box93
\@tempa=\box94
\@tempa=\box95
\@tempa=\box96
\c@minrows=\count322
\c@columnbadness=\count323
\c@finalcolumnbadness=\count324
\last@try=\dimen157
\multicolovershoot=\dimen158
\multicolundershoot=\dimen159
\mult@nat@firstbox=\box97
\colbreak@box=\box98
\mc@col@check@num=\count325
\g__mc_curr_col_int=\count326
)
\GlossaryMin=\dimen160
\c@GlossaryColumns=\count327
\check@sum=\count328
\bslash@cnt=\count329
\wrong@table=\toks17
\c@CodelineNo=\count330
\@temptokenb=\toks18
)) (/opt/TinyTeX/texmf-dist/tex/latex/base/fontenc.sty
Package: fontenc 2025/07/18 v2.1d Standard LaTeX package
) (/opt/TinyTeX/texmf-dist/tex/latex/lm/lmodern.sty
Package: lmodern 2015/05/01 v1.6.1 Latin Modern Fonts
LaTeX Font Info:    Overwriting symbol font `operators' in version `normal'
(Font)                  OT1/cmr/m/n --> OT1/lmr/m/n on input line 22.
LaTeX Font Info:    Overwriting symbol font `letters' in version `normal'
(Font)                  OML/cmm/m/it --> OML/lmm/m/it on input line 23.
LaTeX Font Info:    Overwriting symbol font `symbols' in version `normal'
(Font)                  OMS/cmsy/m/n --> OMS/lmsy/m/n on input line 24.
LaTeX Font Info:    Overwriting symbol font `largesymbols' in version `normal'
(Font)                  OMX/cmex/m/n --> OMX/lmex/m/n on input line 25.
LaTeX Font Info:    Overwriting symbol font `operators' in version `bold'
(Font)                  OT1/cmr/bx/n --> OT1/lmr/bx/n on input line 26.
LaTeX Font Info:    Overwriting symbol font `letters' in version `bold'
(Font)                  OML/cmm/b/it --> OML/lmm/b/it on input line 27.
LaTeX Font Info:    Overwriting symbol font `symbols' in version `bold'
(Font)                  OMS/cmsy/b/n --> OMS/lmsy/b/n on input line 28.
LaTeX Font Info:    Overwriting symbol font `largesymbols' in version `bold'
(Font)                  OMX/cmex/m/n --> OMX/lmex/m/n on input line 29.
LaTeX Font Info:    Overwriting math alphabet `\mathbf' in version `normal'
(Font)                  OT1/cmr/bx/n --> OT1/lmr/bx/n on input line 31.
LaTeX Font Info:    Overwriting math alphabet `\mathsf' in version `normal'
(Font)                  OT1/cmss/m/n --> OT1/lmss/m/n on input line 32.
LaTeX Font Info:    Overwriting math alphabet `\mathit' in version `normal'
(Font)                  OT1/cmr/m/it --> OT1/lmr/m/it on input line 33.
LaTeX Font Info:    Overwriting math alphabet `\mathtt' in version `normal'
(Font)                  OT1/cmtt/m/n --> OT1/lmtt/m/n on input line 34.
LaTeX Font Info:    Overwriting math alphabet `\mathbf' in version `bold'
(Font)                  OT1/cmr/bx/n --> OT1/lmr/bx/n on input line 35.
LaTeX Font Info:    Overwriting math alphabet `\mathsf' in version `bold'
(Font)                  OT1/cmss/bx/n --> OT1/lmss/bx/n on input line 36.
LaTeX Font Info:    Overwriting math alphabet `\mathit' in version `bold'
(Font)                  OT1/cmr/bx/it --> OT1/lmr/bx/it on input line 37.
LaTeX Font Info:    Overwriting math alphabet `\mathtt' in version `bold'
(Font)                  OT1/cmtt/m/n --> OT1/lmtt/m/n on input line 38.
) (/opt/TinyTeX/texmf-dist/tex/latex/scalerel/scalerel.sty
Package: scalerel 2016/12/29 v1.8 Routines for constrained scaling and stretching of objects, relative to a reference object or in absolute terms
 (/opt/TinyTeX/texmf-dist/tex/latex/tools/calc.sty
Package: calc 2025/03/01 v4.3b Infix arithmetic (KKT,FJ)
\calc@Acount=\count331
\calc@Bcount=\count332
\calc@Adimen=\dimen161
\calc@Bdimen=\dimen162
\calc@Askip=\skip55
\calc@Bskip=\skip56
LaTeX Info: Redefining \setlength on input line 86.
LaTeX Info: Redefining \addtolength on input line 87.
\calc@Ccount=\count333
\calc@Cskip=\skip57
) (/opt/TinyTeX/texmf-dist/tex/latex/graphics/graphicx.sty
Package: graphicx 2024/12/31 v1.2e Enhanced LaTeX Graphics (DPC,SPQR)
 (/opt/TinyTeX/texmf-dist/tex/latex/graphics/keyval.sty
Package: keyval 2022/05/29 v1.15 key=value parser (DPC)
\KV@toks@=\toks19
) (/opt/TinyTeX/texmf-dist/tex/latex/graphics/graphics.sty
Package: graphics 2024/08/06 v1.4g Standard LaTeX Graphics (DPC,SPQR)
 (/opt/TinyTeX/texmf-dist/tex/latex/graphics/trig.sty
Package: trig 2023/12/02 v1.11 sin cos tan (DPC)
) (/opt/TinyTeX/texmf-dist/tex/latex/graphics-cfg/graphics.cfg
File: graphics.cfg 2016/06/04 v1.11 sample graphics configuration
)
Package graphics Info: Driver file: pdftex.def on input line 106.
 (/opt/TinyTeX/texmf-dist/tex/latex/graphics-def/pdftex.def
File: pdftex.def 2025/09/29 v1.2d Graphics/color driver for pdftex
))
\Gin@req@height=\dimen163
\Gin@req@width=\dimen164
) (/opt/TinyTeX/texmf-dist/tex/latex/etoolbox/etoolbox.sty
Package: etoolbox 2025/10/02 v2.5m e-TeX tools for LaTeX (JAW)
\etb@tempcnta=\count334
)
\thesrwidth=\skip58
\thesrheight=\skip59
\srblobheight=\skip60
\srblobdepth=\skip61
\mnxsrwidth=\skip62
\LMex=\skip63
\LMpt=\skip64
) (/opt/TinyTeX/texmf-dist/tex/latex/pgf/frontendlayer/tikz.sty (/opt/TinyTeX/texmf-dist/tex/latex/pgf/basiclayer/pgf.sty (/opt/TinyTeX/texmf-dist/tex/latex/pgf/utilities/pgfrcs.sty (/opt/TinyTeX/texmf-dist/tex/generic/pgf/utilities/pgfutil-common.tex
\pgfutil@everybye=\toks20
\pgfutil@tempdima=\dimen165
\pgfutil@tempdimb=\dimen166
) (/opt/TinyTeX/texmf-dist/tex/generic/pgf/utilities/pgfutil-latex.def
\pgfutil@abb=\box99
) (/opt/TinyTeX/texmf-dist/tex/generic/pgf/utilities/pgfrcs.code.tex (/opt/TinyTeX/texmf-dist/tex/generic/pgf/pgf.revision.tex)
Package: pgfrcs 2025-08-29 v3.1.11a (3.1.11a)
))
Package: pgf 2025-08-29 v3.1.11a (3.1.11a)
 (/opt/TinyTeX/texmf-dist/tex/latex/pgf/basiclayer/pgfcore.sty (/opt/TinyTeX/texmf-dist/tex/latex/pgf/systemlayer/pgfsys.sty (/opt/TinyTeX/texmf-dist/tex/generic/pgf/systemlayer/pgfsys.code.tex
Package: pgfsys 2025-08-29 v3.1.11a (3.1.11a)
 (/opt/TinyTeX/texmf-dist/tex/generic/pgf/utilities/pgfkeys.code.tex
\pgfkeys@pathtoks=\toks21
\pgfkeys@temptoks=\toks22
 (/opt/TinyTeX/texmf-dist/tex/generic/pgf/utilities/pgfkeyslibraryfiltered.code.tex
\pgfkeys@tmptoks=\toks23
))
\pgf@x=\dimen167
\pgf@y=\dimen168
\pgf@xa=\dimen169
\pgf@ya=\dimen170
\pgf@xb=\dimen171
\pgf@yb=\dimen172
\pgf@xc=\dimen173
\pgf@yc=\dimen174
\pgf@xd=\dimen175
\pgf@yd=\dimen176
\w@pgf@writea=\write3
\r@pgf@reada=\read4
\c@pgf@counta=\count335
\c@pgf@countb=\count336
\c@pgf@countc=\count337
\c@pgf@countd=\count338
\t@pgf@toka=\toks24
\t@pgf@tokb=\toks25
\t@pgf@tokc=\toks26
\pgf@sys@id@count=\count339
 (/opt/TinyTeX/texmf-dist/tex/generic/pgf/systemlayer/pgf.cfg
File: pgf.cfg 2025-08-29 v3.1.11a (3.1.11a)
)
Driver file for pgf: pgfsys-pdftex.def
 (/opt/TinyTeX/texmf-dist/tex/generic/pgf/systemlayer/pgfsys-pdftex.def
File: pgfsys-pdftex.def 2025-08-29 v3.1.11a (3.1.11a)
 (/opt/TinyTeX/texmf-dist/tex/generic/pgf/systemlayer/pgfsys-common-pdf.def
File: pgfsys-common-pdf.def 2025-08-29 v3.1.11a (3.1.11a)
))) (/opt/TinyTeX/texmf-dist/tex/generic/pgf/systemlayer/pgfsyssoftpath.code.tex
File: pgfsyssoftpath.code.tex 2025-08-29 v3.1.11a (3.1.11a)
\pgfsyssoftpath@smallbuffer@items=\count340
\pgfsyssoftpath@bigbuffer@items=\count341
) (/opt/TinyTeX/texmf-dist/tex/generic/pgf/systemlayer/pgfsysprotocol.code.tex
File: pgfsysprotocol.code.tex 2025-08-29 v3.1.11a (3.1.11a)
)) (/opt/TinyTeX/texmf-dist/tex/latex/xcolor/xcolor.sty
Package: xcolor 2024/09/29 v3.02 LaTeX color extensions (UK)
 (/opt/TinyTeX/texmf-dist/tex/latex/graphics-cfg/color.cfg
File: color.cfg 2016/01/02 v1.6 sample color configuration
)
Package xcolor Info: Driver file: pdftex.def on input line 274.
 (/opt/TinyTeX/texmf-dist/tex/latex/graphics/mathcolor.ltx)
Package xcolor Info: Model `cmy' substituted by `cmy0' on input line 1349.
Package xcolor Info: Model `hsb' substituted by `rgb' on input line 1353.
Package xcolor Info: Model `RGB' extended on input line 1365.
Package xcolor Info: Model `HTML' substituted by `rgb' on input line 1367.
Package xcolor Info: Model `Hsb' substituted by `hsb' on input line 1368.
Package xcolor Info: Model `tHsb' substituted by `hsb' on input line 1369.
Package xcolor Info: Model `HSB' substituted by `hsb' on input line 1370.
Package xcolor Info: Model `Gray' substituted by `gray' on input line 1371.
Package xcolor Info: Model `wave' substituted by `hsb' on input line 1372.
) (/opt/TinyTeX/texmf-dist/tex/generic/pgf/basiclayer/pgfcore.code.tex
Package: pgfcore 2025-08-29 v3.1.11a (3.1.11a)
 (/opt/TinyTeX/texmf-dist/tex/generic/pgf/math/pgfmath.code.tex (/opt/TinyTeX/texmf-dist/tex/generic/pgf/math/pgfmathutil.code.tex) (/opt/TinyTeX/texmf-dist/tex/generic/pgf/math/pgfmathparser.code.tex
\pgfmath@dimen=\dimen177
\pgfmath@count=\count342
\pgfmath@box=\box100
\pgfmath@toks=\toks27
\pgfmath@stack@operand=\toks28
\pgfmath@stack@operation=\toks29
) (/opt/TinyTeX/texmf-dist/tex/generic/pgf/math/pgfmathfunctions.code.tex) (/opt/TinyTeX/texmf-dist/tex/generic/pgf/math/pgfmathfunctions.basic.code.tex) (/opt/TinyTeX/texmf-dist/tex/generic/pgf/math/pgfmathfunctions.trigonometric.code.tex) (/opt/TinyTeX/texmf-dist/tex/generic/pgf/math/pgfmathfunctions.random.code.tex) (/opt/TinyTeX/texmf-dist/tex/generic/pgf/math/pgfmathfunctions.comparison.code.tex) (/opt/TinyTeX/texmf-dist/tex/generic/pgf/math/pgfmathfunctions.base.code.tex) (/opt/TinyTeX/texmf-dist/tex/generic/pgf/math/pgfmathfunctions.round.code.tex) (/opt/TinyTeX/texmf-dist/tex/generic/pgf/math/pgfmathfunctions.misc.code.tex) (/opt/TinyTeX/texmf-dist/tex/generic/pgf/math/pgfmathfunctions.integerarithmetics.code.tex) (/opt/TinyTeX/texmf-dist/tex/generic/pgf/math/pgfmathcalc.code.tex) (/opt/TinyTeX/texmf-dist/tex/generic/pgf/math/pgfmathfloat.code.tex
\c@pgfmathroundto@lastzeros=\count343
)) (/opt/TinyTeX/texmf-dist/tex/generic/pgf/math/pgfint.code.tex) (/opt/TinyTeX/texmf-dist/tex/generic/pgf/basiclayer/pgfcorepoints.code.tex
File: pgfcorepoints.code.tex 2025-08-29 v3.1.11a (3.1.11a)
\pgf@picminx=\dimen178
\pgf@picmaxx=\dimen179
\pgf@picminy=\dimen180
\pgf@picmaxy=\dimen181
\pgf@pathminx=\dimen182
\pgf@pathmaxx=\dimen183
\pgf@pathminy=\dimen184
\pgf@pathmaxy=\dimen185
\pgf@xx=\dimen186
\pgf@xy=\dimen187
\pgf@yx=\dimen188
\pgf@yy=\dimen189
\pgf@zx=\dimen190
\pgf@zy=\dimen191
) (/opt/TinyTeX/texmf-dist/tex/generic/pgf/basiclayer/pgfcorepathconstruct.code.tex
File: pgfcorepathconstruct.code.tex 2025-08-29 v3.1.11a (3.1.11a)
\pgf@path@lastx=\dimen192
\pgf@path@lasty=\dimen193
) (/opt/TinyTeX/texmf-dist/tex/generic/pgf/basiclayer/pgfcorepathusage.code.tex
File: pgfcorepathusage.code.tex 2025-08-29 v3.1.11a (3.1.11a)
\pgf@shorten@end@additional=\dimen194
\pgf@shorten@start@additional=\dimen195
) (/opt/TinyTeX/texmf-dist/tex/generic/pgf/basiclayer/pgfcorescopes.code.tex
File: pgfcorescopes.code.tex 2025-08-29 v3.1.11a (3.1.11a)
\pgfpic=\box101
\pgf@hbox=\box102
\pgf@layerbox@main=\box103
\pgf@picture@serial@count=\count344
) (/opt/TinyTeX/texmf-dist/tex/generic/pgf/basiclayer/pgfcoregraphicstate.code.tex
File: pgfcoregraphicstate.code.tex 2025-08-29 v3.1.11a (3.1.11a)
\pgflinewidth=\dimen196
) (/opt/TinyTeX/texmf-dist/tex/generic/pgf/basiclayer/pgfcoretransformations.code.tex
File: pgfcoretransformations.code.tex 2025-08-29 v3.1.11a (3.1.11a)
\pgf@pt@x=\dimen197
\pgf@pt@y=\dimen198
\pgf@pt@temp=\dimen199
) (/opt/TinyTeX/texmf-dist/tex/generic/pgf/basiclayer/pgfcorequick.code.tex
File: pgfcorequick.code.tex 2025-08-29 v3.1.11a (3.1.11a)
) (/opt/TinyTeX/texmf-dist/tex/generic/pgf/basiclayer/pgfcoreobjects.code.tex
File: pgfcoreobjects.code.tex 2025-08-29 v3.1.11a (3.1.11a)
) (/opt/TinyTeX/texmf-dist/tex/generic/pgf/basiclayer/pgfcorepathprocessing.code.tex
File: pgfcorepathprocessing.code.tex 2025-08-29 v3.1.11a (3.1.11a)
) (/opt/TinyTeX/texmf-dist/tex/generic/pgf/basiclayer/pgfcorearrows.code.tex
File: pgfcorearrows.code.tex 2025-08-29 v3.1.11a (3.1.11a)
\pgfarrowsep=\dimen256
) (/opt/TinyTeX/texmf-dist/tex/generic/pgf/basiclayer/pgfcoreshade.code.tex
File: pgfcoreshade.code.tex 2025-08-29 v3.1.11a (3.1.11a)
\pgf@max=\dimen257
\pgf@sys@shading@range@num=\count345
\pgf@shadingcount=\count346
) (/opt/TinyTeX/texmf-dist/tex/generic/pgf/basiclayer/pgfcoreimage.code.tex
File: pgfcoreimage.code.tex 2025-08-29 v3.1.11a (3.1.11a)
) (/opt/TinyTeX/texmf-dist/tex/generic/pgf/basiclayer/pgfcoreexternal.code.tex
File: pgfcoreexternal.code.tex 2025-08-29 v3.1.11a (3.1.11a)
\pgfexternal@startupbox=\box104
) (/opt/TinyTeX/texmf-dist/tex/generic/pgf/basiclayer/pgfcorelayers.code.tex
File: pgfcorelayers.code.tex 2025-08-29 v3.1.11a (3.1.11a)
) (/opt/TinyTeX/texmf-dist/tex/generic/pgf/basiclayer/pgfcoretransparency.code.tex
File: pgfcoretransparency.code.tex 2025-08-29 v3.1.11a (3.1.11a)
) (/opt/TinyTeX/texmf-dist/tex/generic/pgf/basiclayer/pgfcorepatterns.code.tex
File: pgfcorepatterns.code.tex 2025-08-29 v3.1.11a (3.1.11a)
) (/opt/TinyTeX/texmf-dist/tex/generic/pgf/basiclayer/pgfcorerdf.code.tex
File: pgfcorerdf.code.tex 2025-08-29 v3.1.11a (3.1.11a)
))) (/opt/TinyTeX/texmf-dist/tex/generic/pgf/modules/pgfmoduleshapes.code.tex
File: pgfmoduleshapes.code.tex 2025-08-29 v3.1.11a (3.1.11a)
\pgfnodeparttextbox=\box105
) (/opt/TinyTeX/texmf-dist/tex/generic/pgf/modules/pgfmoduleplot.code.tex
File: pgfmoduleplot.code.tex 2025-08-29 v3.1.11a (3.1.11a)
) (/opt/TinyTeX/texmf-dist/tex/latex/pgf/compatibility/pgfcomp-version-0-65.sty
Package: pgfcomp-version-0-65 2025-08-29 v3.1.11a (3.1.11a)
\pgf@nodesepstart=\dimen258
\pgf@nodesepend=\dimen259
) (/opt/TinyTeX/texmf-dist/tex/latex/pgf/compatibility/pgfcomp-version-1-18.sty
Package: pgfcomp-version-1-18 2025-08-29 v3.1.11a (3.1.11a)
)) (/opt/TinyTeX/texmf-dist/tex/latex/pgf/utilities/pgffor.sty (/opt/TinyTeX/texmf-dist/tex/latex/pgf/utilities/pgfkeys.sty (/opt/TinyTeX/texmf-dist/tex/generic/pgf/utilities/pgfkeys.code.tex)) (/opt/TinyTeX/texmf-dist/tex/latex/pgf/math/pgfmath.sty (/opt/TinyTeX/texmf-dist/tex/generic/pgf/math/pgfmath.code.tex)) (/opt/TinyTeX/texmf-dist/tex/generic/pgf/utilities/pgffor.code.tex
Package: pgffor 2025-08-29 v3.1.11a (3.1.11a)
\pgffor@iter=\dimen260
\pgffor@skip=\dimen261
\pgffor@stack=\toks30
\pgffor@toks=\toks31
)) (/opt/TinyTeX/texmf-dist/tex/generic/pgf/frontendlayer/tikz/tikz.code.tex
Package: tikz 2025-08-29 v3.1.11a (3.1.11a)
 (/opt/TinyTeX/texmf-dist/tex/generic/pgf/libraries/pgflibraryplothandlers.code.tex
File: pgflibraryplothandlers.code.tex 2025-08-29 v3.1.11a (3.1.11a)
\pgf@plot@mark@count=\count347
\pgfplotmarksize=\dimen262
)
\tikz@lastx=\dimen263
\tikz@lasty=\dimen264
\tikz@lastxsaved=\dimen265
\tikz@lastysaved=\dimen266
\tikz@lastmovetox=\dimen267
\tikz@lastmovetoy=\dimen268
\tikzleveldistance=\dimen269
\tikzsiblingdistance=\dimen270
\tikz@figbox=\box106
\tikz@figbox@bg=\box107
\tikz@tempbox=\box108
\tikz@tempbox@bg=\box109
\tikztreelevel=\count348
\tikznumberofchildren=\count349
\tikznumberofcurrentchild=\count350
\tikz@fig@count=\count351
 (/opt/TinyTeX/texmf-dist/tex/generic/pgf/modules/pgfmodulematrix.code.tex
File: pgfmodulematrix.code.tex 2025-08-29 v3.1.11a (3.1.11a)
\pgfmatrixcurrentrow=\count352
\pgfmatrixcurrentcolumn=\count353
\pgf@matrix@numberofcolumns=\count354
)
\tikz@expandcount=\count355
 (/opt/TinyTeX/texmf-dist/tex/generic/pgf/frontendlayer/tikz/libraries/tikzlibrarytopaths.code.tex
File: tikzlibrarytopaths.code.tex 2025-08-29 v3.1.11a (3.1.11a)
))) (/opt/TinyTeX/texmf-dist/tex/generic/pgf/frontendlayer/tikz/libraries/tikzlibrarysvg.path.code.tex
File: tikzlibrarysvg.path.code.tex 2025-08-29 v3.1.11a (3.1.11a)
 (/opt/TinyTeX/texmf-dist/tex/generic/pgf/libraries/pgflibrarysvg.path.code.tex
File: pgflibrarysvg.path.code.tex 2025-08-29 v3.1.11a (3.1.11a)
 (/opt/TinyTeX/texmf-dist/tex/generic/pgf/modules/pgfmoduleparser.code.tex
File: pgfmoduleparser.code.tex 2025-08-29 v3.1.11a (3.1.11a)
\pgfparserdef@arg@count=\count356
)
\pgf@lib@svg@last@x=\dimen271
\pgf@lib@svg@last@y=\dimen272
\pgf@lib@svg@last@c@x=\dimen273
\pgf@lib@svg@last@c@y=\dimen274
\pgf@lib@svg@count=\count357
\pgf@lib@svg@max@num=\count358
)) (/opt/TinyTeX/texmf-dist/tex/latex/hyperref/hyperref.sty
Package: hyperref 2026-01-29 v7.01p Hypertext links for LaTeX
 (/opt/TinyTeX/texmf-dist/tex/generic/iftex/iftex.sty
Package: iftex 2024/12/12 v1.0g TeX engine tests
) (/opt/TinyTeX/texmf-dist/tex/latex/kvsetkeys/kvsetkeys.sty
Package: kvsetkeys 2022-10-05 v1.19 Key value parser (HO)
) (/opt/TinyTeX/texmf-dist/tex/generic/kvdefinekeys/kvdefinekeys.sty
Package: kvdefinekeys 2019-12-19 v1.6 Define keys (HO)
) (/opt/TinyTeX/texmf-dist/tex/generic/pdfescape/pdfescape.sty
Package: pdfescape 2019/12/09 v1.15 Implements pdfTeX's escape features (HO)
 (/opt/TinyTeX/texmf-dist/tex/generic/ltxcmds/ltxcmds.sty
Package: ltxcmds 2023-12-04 v1.26 LaTeX kernel commands for general use (HO)
) (/opt/TinyTeX/texmf-dist/tex/generic/pdftexcmds/pdftexcmds.sty
Package: pdftexcmds 2020-06-27 v0.33 Utility functions of pdfTeX for LuaTeX (HO)
 (/opt/TinyTeX/texmf-dist/tex/generic/infwarerr/infwarerr.sty
Package: infwarerr 2019/12/03 v1.5 Providing info/warning/error messages (HO)
)
Package pdftexcmds Info: \pdf@primitive is available.
Package pdftexcmds Info: \pdf@ifprimitive is available.
Package pdftexcmds Info: \pdfdraftmode found.
)) (/opt/TinyTeX/texmf-dist/tex/latex/hycolor/hycolor.sty
Package: hycolor 2020-01-27 v1.10 Color options for hyperref/bookmark (HO)
) (/opt/TinyTeX/texmf-dist/tex/latex/hyperref/nameref.sty
Package: nameref 2026-01-29 v2.58 Cross-referencing by name of section
 (/opt/TinyTeX/texmf-dist/tex/latex/refcount/refcount.sty
Package: refcount 2019/12/15 v3.6 Data extraction from label references (HO)
) (/opt/TinyTeX/texmf-dist/tex/generic/gettitlestring/gettitlestring.sty
Package: gettitlestring 2019/12/15 v1.6 Cleanup title references (HO)
 (/opt/TinyTeX/texmf-dist/tex/latex/kvoptions/kvoptions.sty
Package: kvoptions 2022-06-15 v3.15 Key value format for package options (HO)
))
\c@section@level=\count359
) (/opt/TinyTeX/texmf-dist/tex/generic/stringenc/stringenc.sty
Package: stringenc 2019/11/29 v1.12 Convert strings between diff. encodings (HO)
)
\@linkdim=\dimen275
\Hy@linkcounter=\count360
\Hy@pagecounter=\count361
 (/opt/TinyTeX/texmf-dist/tex/latex/hyperref/pd1enc.def
File: pd1enc.def 2026-01-29 v7.01p Hyperref: PDFDocEncoding definition (HO)
Now handling font encoding PD1 ...
... no UTF-8 mapping file for font encoding PD1
) (/opt/TinyTeX/texmf-dist/tex/generic/intcalc/intcalc.sty
Package: intcalc 2019/12/15 v1.3 Expandable calculations with integers (HO)
)
\Hy@SavedSpaceFactor=\count362
 (/opt/TinyTeX/texmf-dist/tex/latex/hyperref/puenc.def
File: puenc.def 2026-01-29 v7.01p Hyperref: PDF Unicode definition (HO)
Now handling font encoding PU ...
... no UTF-8 mapping file for font encoding PU
)
Package hyperref Info: Hyper figures OFF on input line 4201.
Package hyperref Info: Link nesting OFF on input line 4206.
Package hyperref Info: Hyper index ON on input line 4209.
Package hyperref Info: Plain pages OFF on input line 4216.
Package hyperref Info: Backreferencing OFF on input line 4221.
Package hyperref Info: Implicit mode ON; LaTeX internals redefined.
Package hyperref Info: Bookmarks ON on input line 4468.
\c@Hy@tempcnt=\count363
 (/opt/TinyTeX/texmf-dist/tex/latex/url/url.sty
\Urlmuskip=\muskip17
Package: url 2013/09/16  ver 3.4  Verb mode for urls, etc.
)
LaTeX Info: Redefining \url on input line 4807.
\XeTeXLinkMargin=\dimen276
 (/opt/TinyTeX/texmf-dist/tex/generic/bitset/bitset.sty
Package: bitset 2019/12/09 v1.3 Handle bit-vector datatype (HO)
 (/opt/TinyTeX/texmf-dist/tex/generic/bigintcalc/bigintcalc.sty
Package: bigintcalc 2019/12/15 v1.5 Expandable calculations on big integers (HO)
))
\Fld@menulength=\count364
\Field@Width=\dimen277
\Fld@charsize=\dimen278
Package hyperref Info: Hyper figures OFF on input line 6084.
Package hyperref Info: Link nesting OFF on input line 6089.
Package hyperref Info: Hyper index ON on input line 6092.
Package hyperref Info: backreferencing OFF on input line 6099.
Package hyperref Info: Link coloring OFF on input line 6104.
Package hyperref Info: Link coloring with OCG OFF on input line 6109.
Package hyperref Info: PDF/A mode OFF on input line 6114.
\Hy@abspage=\count365
\c@Item=\count366
\c@Hfootnote=\count367
)
Package hyperref Info: Driver (autodetected): hpdftex.
 (/opt/TinyTeX/texmf-dist/tex/latex/hyperref/hpdftex.def
File: hpdftex.def 2026-01-29 v7.01p Hyperref driver for pdfTeX
\Fld@listcount=\count368
\c@bookmark@seq@number=\count369
 (/opt/TinyTeX/texmf-dist/tex/latex/rerunfilecheck/rerunfilecheck.sty
Package: rerunfilecheck 2025-06-21 v1.11 Rerun checks for auxiliary files (HO)
 (/opt/TinyTeX/texmf-dist/tex/generic/uniquecounter/uniquecounter.sty
Package: uniquecounter 2019/12/15 v1.4 Provide unlimited unique counter (HO)
)
Package uniquecounter Info: New unique counter `rerunfilecheck' on input line 284.
)
\Hy@SectionHShift=\skip65
)
Package hyperref Info: Option `colorlinks' set `true' on input line 210.
 (/opt/TinyTeX/texmf-dist/tex/latex/booktabs/booktabs.sty
Package: booktabs 2020/01/12 v1.61803398 Publication quality tables
\heavyrulewidth=\dimen279
\lightrulewidth=\dimen280
\cmidrulewidth=\dimen281
\belowrulesep=\dimen282
\belowbottomsep=\dimen283
\aboverulesep=\dimen284
\abovetopsep=\dimen285
\cmidrulesep=\dimen286
\cmidrulekern=\dimen287
\defaultaddspace=\dimen288
\@cmidla=\count370
\@cmidlb=\count371
\@aboverulesep=\dimen289
\@belowrulesep=\dimen290
\@thisruleclass=\count372
\@lastruleclass=\count373
\@thisrulewidth=\dimen291
) (/opt/TinyTeX/texmf-dist/tex/latex/verbatimbox/verbatimbox.sty
Package: verbatimbox 2023/08/08 v3.2\ Routines for placing verbatim text into boxes, useful in places where the verbatim environment is inaccessible. Secondarily, for adding vertical buffer around an object.
 (/opt/TinyTeX/texmf-dist/tex/latex/tools/verbatim.sty
Package: verbatim 2024-01-22 v1.5x LaTeX2e package for verbatim enhancements
\every@verbatim=\toks32
\verbatim@line=\toks33
\verbatim@in@stream=\read5
) (/opt/TinyTeX/texmf-dist/tex/latex/readarray/readarray.sty
Package: readarray 2021/09/17\ 3.1\ Routines for inputting 2D and 3D array data and recalling it on an element-by-element basis.
 (/opt/TinyTeX/texmf-dist/tex/latex/forloop/forloop.sty
Package: forloop 2023/05/03 v3.0 For Loops for LaTeX
 (/opt/TinyTeX/texmf-dist/tex/latex/base/ifthen.sty
Package: ifthen 2024/03/16 v1.1e Standard LaTeX ifthen package (DPC)
)) (/opt/TinyTeX/texmf-dist/tex/generic/listofitems/listofitems.sty (/opt/TinyTeX/texmf-dist/tex/generic/listofitems/listofitems.tex
\loi_cnt_foreach_nest=\count374
\loi_nestcnt=\count375
)
Package: listofitems 2024/03/09 v1.65 Grab items in lists using user-specified sep char (CT)
)
\c@@index=\count376
\c@@plane=\count377
\c@@row=\count378
\c@@col=\count379
\c@use@args=\count380
\c@@record=\count381
\c@index@count=\count382
\Arg@toks=\toks34
\@arrayident@toks=\toks35
\rdar@file=\read6
\readarrayendlinechar=\count383

readarray: bounds checking OFF
)
\savedverbbox=\box110
\c@VerbboxLineNo=\count384
\boxtopsep=\dimen292
\boxbottomsep=\dimen293
\ps@tempdima=\dimen294
\ps@tempboxa=\box111
\boxtop@sep=\skip66
\boxbottom@sep=\skip67
)
\@indexfile=\write4
\openout4 = `apa7.idx'.


Writing index file apa7.idx
\@glossaryfile=\write5
\openout5 = `apa7.glo'.

Writing glossary file apa7.glo 
(/opt/TinyTeX/texmf-dist/tex/latex/hypdoc/hypdoc.sty
Package: hypdoc 2023-10-26 v1.19 Hyper extensions for doc.sty (HO)
 (/opt/TinyTeX/texmf-dist/tex/latex/base/atveryend-ltx.sty
Package: atveryend-ltx 2020/08/19 v1.0a Emulation of the original atveryend package
with kernel methods
)

Package hypdoc Warning: hyperref has been loaded before with option 'hyperindex' enabled.
(hypdoc)                The index will not work properly. on input line 65.

Package hypdoc Info: hyperref has been loaded before with option 'pdfusetitle' disabled. on input line 65.
Package hyperref Info: Option `colorlinks' set `true' on input line 75.
Package hyperref Info: Option `plainpages' set `false' on input line 75.
Package hyperref Info: Option `bookmarksopen' set `true' on input line 75.
Package hyperref Info: Option `bookmarksnumbered' set `true' on input line 75.
\c@HD@unique=\count385
\c@HD@hypercount=\count386
\HD@helplength=\skip68
)
LaTeX Font Info:    Trying to load font information for T1+lmr on input line 218.
 (/opt/TinyTeX/texmf-dist/tex/latex/lm/t1lmr.fd
File: t1lmr.fd 2015/05/01 v1.6.1 Font defs for Latin Modern
) (/opt/TinyTeX/texmf-dist/tex/latex/l3backend/l3backend-pdftex.def
File: l3backend-pdftex.def 2025-10-09 L3 backend support: PDF output (pdfTeX)
\l__color_backend_stack_int=\count387
) (./apa7.aux)
\openout1 = `apa7.aux'.

LaTeX Font Info:    Checking defaults for OML/cmm/m/it on input line 218.
LaTeX Font Info:    ... okay on input line 218.
LaTeX Font Info:    Checking defaults for OMS/cmsy/m/n on input line 218.
LaTeX Font Info:    ... okay on input line 218.
LaTeX Font Info:    Checking defaults for OT1/cmr/m/n on input line 218.
LaTeX Font Info:    ... okay on input line 218.
LaTeX Font Info:    Checking defaults for T1/cmr/m/n on input line 218.
LaTeX Font Info:    ... okay on input line 218.
LaTeX Font Info:    Checking defaults for TS1/cmr/m/n on input line 218.
LaTeX Font Info:    ... okay on input line 218.
LaTeX Font Info:    Checking defaults for OMX/cmex/m/n on input line 218.
LaTeX Font Info:    ... okay on input line 218.
LaTeX Font Info:    Checking defaults for U/cmr/m/n on input line 218.
LaTeX Font Info:    ... okay on input line 218.
LaTeX Font Info:    Checking defaults for PD1/pdf/m/n on input line 218.
LaTeX Font Info:    ... okay on input line 218.
LaTeX Font Info:    Checking defaults for PU/pdf/m/n on input line 218.
LaTeX Font Info:    ... okay on input line 218.
Package doc Info: Made | a short reference for \verb on input line 218.
 (/opt/TinyTeX/texmf-dist/tex/context/base/mkii/supp-pdf.mkii
[Loading MPS to PDF converter (version 2006.09.02).]
\scratchcounter=\count388
\scratchdimen=\dimen295
\scratchbox=\box112
\nofMPsegments=\count389
\nofMParguments=\count390
\everyMPshowfont=\toks36
\MPscratchCnt=\count391
\MPscratchDim=\dimen296
\MPnumerator=\count392
\makeMPintoPDFobject=\count393
\everyMPtoPDFconversion=\toks37
) (/opt/TinyTeX/texmf-dist/tex/latex/epstopdf-pkg/epstopdf-base.sty
Package: epstopdf-base 2020-01-24 v2.11 Base part for package epstopdf
Package epstopdf-base Info: Redefining graphics rule for `.eps' on input line 485.
 (/opt/TinyTeX/texmf-dist/tex/latex/latexconfig/epstopdf-sys.cfg
File: epstopdf-sys.cfg 2010/07/13 v1.3 Configuration of (r)epstopdf for TeX Live
))
Package hyperref Info: Link coloring ON on input line 218.
 (./apa7.out) (./apa7.out)
\@outlinefile=\write6
\openout6 = `apa7.out'.

 (./apa7.hd)
\HD@savedest@out=\write7
\openout7 = `apa7.hd'.

 (./apa7.dtx
LaTeX Font Info:    Trying to load font information for T1+lmss on input line 241.
 (/opt/TinyTeX/texmf-dist/tex/latex/lm/t1lmss.fd
File: t1lmss.fd 2015/05/01 v1.6.1 Font defs for Latin Modern
)
LaTeX Font Info:    Trying to load font information for OT1+lmr on input line 241.
 (/opt/TinyTeX/texmf-dist/tex/latex/lm/ot1lmr.fd
File: ot1lmr.fd 2015/05/01 v1.6.1 Font defs for Latin Modern
)
LaTeX Font Info:    Trying to load font information for OML+lmm on input line 241.
 (/opt/TinyTeX/texmf-dist/tex/latex/lm/omllmm.fd
File: omllmm.fd 2015/05/01 v1.6.1 Font defs for Latin Modern
)
LaTeX Font Info:    Trying to load font information for OMS+lmsy on input line 241.
 (/opt/TinyTeX/texmf-dist/tex/latex/lm/omslmsy.fd
File: omslmsy.fd 2015/05/01 v1.6.1 Font defs for Latin Modern
)
LaTeX Font Info:    Trying to load font information for OMX+lmex on input line 241.
 (/opt/TinyTeX/texmf-dist/tex/latex/lm/omxlmex.fd
File: omxlmex.fd 2015/05/01 v1.6.1 Font defs for Latin Modern
)
LaTeX Font Info:    External font `lmex10' loaded for size
(Font)              <17.28> on input line 241.
LaTeX Font Info:    External font `lmex10' loaded for size
(Font)              <12> on input line 241.
LaTeX Font Info:    External font `lmex10' loaded for size
(Font)              <10> on input line 241.
LaTeX Font Info:    External font `lmex10' loaded for size
(Font)              <8> on input line 241.
LaTeX Font Info:    External font `lmex10' loaded for size
(Font)              <6> on input line 241.
LaTeX Font Info:    External font `lmex10' loaded for size
(Font)              <5> on input line 241.
 (./apa7.toc
LaTeX Font Info:    External font `lmex10' loaded for size
(Font)              <7> on input line 5.
 [1

{/opt/TinyTeX/texmf-var/fonts/map/pdftex/updmap/pdftex.map}{/opt/TinyTeX/texmf-dist/fonts/enc/dvips/lm/lm-ec.enc}{/opt/TinyTeX/texmf-dist/fonts/enc/dvips/lm/lm-mathsy.enc}])
\tf@toc=\write8
\openout8 = `apa7.toc'.

LaTeX Font Info:    Trying to load font information for T1+lmtt on input line 328.
 (/opt/TinyTeX/texmf-dist/tex/latex/lm/t1lmtt.fd
File: t1lmtt.fd 2015/05/01 v1.6.1 Font defs for Latin Modern
) [2]
LaTeX Font Info:    Trying to load font information for TS1+lmr on input line 343.
 (/opt/TinyTeX/texmf-dist/tex/latex/lm/ts1lmr.fd
File: ts1lmr.fd 2015/05/01 v1.6.1 Font defs for Latin Modern
) [3{/opt/TinyTeX/texmf-dist/fonts/enc/dvips/lm/lm-ts1.enc}] [4]
Overfull \hbox (43.24889pt too wide) in paragraph at lines 503--503
[][][]\T1/lmtt/m/n/10 \authorsaffiliations{{Department of Psychology, George Mason University}} 
 []


Overfull \hbox (6.499pt too wide) in paragraph at lines 506--506
[][][]\T1/lmtt/m/n/10 \authorsaffiliations{{School of Psychology, University of Sydney}, 
 []

[5]
Overfull \hbox (22.24895pt too wide) in paragraph at lines 510--510
[][][]\T1/lmtt/m/n/10 \authorsaffiliations{{College of Nursing, Michigan State University}} 
 []


Overfull \hbox (95.74873pt too wide) in paragraph at lines 513--513
[][][]\T1/lmtt/m/n/10 \authorsaffiliations{{Max Planck Institute for Human Development, Berlin, Germany}, 
 []


Overfull \hbox (100.99872pt too wide) in paragraph at lines 516--516
[][][]\T1/lmtt/m/n/10 \authorsnames[1,{2,3},1]{Savannah C. St. John, Fen-Lei Chang, Carlos O. Vásquez III} 
 []


Overfull \hbox (64.24883pt too wide) in paragraph at lines 517--517
[][][]\T1/lmtt/m/n/10 \authorsaffiliations{{Education Testing Service, Princeton, New Jersey, ...}, 
 []


LaTeX Warning: Characters dropped after `\end{verbatim}' on input line 541.


Underfull \hbox (badness 10000) in paragraph at lines 542--544

 []

[6]

LaTeX Warning: Marginpar on page 7 moved.


LaTeX Warning: Marginpar on page 7 moved.

[7]

LaTeX Warning: Marginpar on page 8 moved.


LaTeX Warning: Marginpar on page 8 moved.


LaTeX Warning: Marginpar on page 8 moved.


LaTeX Warning: Marginpar on page 8 moved.


Overfull \hbox (2.52577pt too wide) in paragraph at lines 642--645
[][]\T1/lmtt/m/n/10 \includegraphic[]\T1/lmr/m/n/10 , [][]\T1/lmtt/m/n/10 \fitfigure[]\T1/lmr/m/n/10 , or sim-i-lar com-mand within [][]\T1/lmtt/m/n/10 \begin{figure}
 []


Overfull \hbox (38.79141pt too wide) in paragraph at lines 645--648
[][][][][]\T1/lmtt/m/n/10 \tablenote[]{$\OMS/lmsy/m/n/10 h$[]\T1/lmr/m/it/10 table-note-text$\OMS/lmsy/m/n/10 i$[]\T1/lmtt/m/n/10 }\T1/lmr/m/n/10 : For-mats ta-ble note when placed af-ter [][]\T1/lmtt/m/n/10 \end{tabular}
 []

[8] [9] [10]

LaTeX Warning: Marginpar on page 11 moved.


LaTeX Warning: Marginpar on page 11 moved.


LaTeX Warning: Marginpar on page 11 moved.


Underfull \hbox (badness 10000) in paragraph at lines 805--808

 []

[11]
Overfull \hbox (3.87946pt too wide) in paragraph at lines 885--888
[]\T1/lmss/m/n/10 draftwatermark\T1/lmr/m/n/10 : in-cludes a ``DRAFT'' wa-ter-mark; used only if the [][]\T1/lmtt/m/n/10 draftfirst
 []

[12] [13]
Overfull \hbox (85.35826pt too wide) in paragraph at lines 936--936
[] 
 []


Overfull \hbox (85.35826pt too wide) in paragraph at lines 938--938
[] 
 []


Overfull \hbox (85.35826pt too wide) in paragraph at lines 942--942
[] 
 []


Overfull \hbox (85.35826pt too wide) in paragraph at lines 944--944
[] 
 []


Overfull \hbox (85.35826pt too wide) in paragraph at lines 947--947
[] 
 []


Overfull \hbox (85.35826pt too wide) in paragraph at lines 949--949
[] 
 []


Overfull \hbox (85.35826pt too wide) in paragraph at lines 954--954
[] 
 []


Overfull \hbox (85.35826pt too wide) in paragraph at lines 956--956
[] 
 []


Overfull \hbox (27.60843pt too wide) in paragraph at lines 958--958
[]
 []


Overfull \hbox (80.10828pt too wide) in paragraph at lines 958--958
\T1/lmtt/m/n/10 \maketitle 
 []


Overfull \hbox (85.35826pt too wide) in paragraph at lines 961--961
[] 
 []


Overfull \hbox (85.35826pt too wide) in paragraph at lines 965--965
[] 
 []


Overfull \hbox (1.3585pt too wide) in paragraph at lines 967--967
[]
 []


Overfull \hbox (80.10828pt too wide) in paragraph at lines 967--967
\T1/lmtt/m/n/10 Method section. 
 []


Overfull \hbox (85.35826pt too wide) in paragraph at lines 968--968
[] 
 []


Overfull \hbox (85.35826pt too wide) in paragraph at lines 972--972
[] 
 []


Overfull \hbox (85.35826pt too wide) in paragraph at lines 976--976
[] 
 []


Overfull \hbox (85.35826pt too wide) in paragraph at lines 979--979
[] 
 []

[14]
Overfull \hbox (85.35826pt too wide) in paragraph at lines 982--982
[] 
 []


Overfull \hbox (85.35826pt too wide) in paragraph at lines 985--985
[] 
 []


Overfull \hbox (85.35826pt too wide) in paragraph at lines 988--988
[] 
 []


Overfull \hbox (85.35826pt too wide) in paragraph at lines 990--990
[] 
 []


Overfull \hbox (85.35826pt too wide) in paragraph at lines 993--993
[] 
 []


Overfull \hbox (85.35826pt too wide) in paragraph at lines 997--997
[] 
 []


Overfull \hbox (85.35826pt too wide) in paragraph at lines 1001--1001
[] 
 []


Overfull \hbox (1.3585pt too wide) in paragraph at lines 1003--1003
[]
 []


Overfull \hbox (69.6083pt too wide) in paragraph at lines 1003--1003
\T1/lmtt/m/n/10 \vspace*{2em} 
 []


Overfull \hbox (85.35826pt too wide) in paragraph at lines 1017--1017
[] 
 []


Overfull \hbox (85.35826pt too wide) in paragraph at lines 1020--1020
[] 
 []


Overfull \hbox (27.60843pt too wide) in paragraph at lines 1023--1023
[]
 []


Overfull \hbox (32.85841pt too wide) in paragraph at lines 1023--1023
\T1/lmtt/m/n/10 } 
 []


Overfull \hbox (22.35844pt too wide) in paragraph at lines 1025--1025
[]
 []


Overfull \hbox (80.10828pt too wide) in paragraph at lines 1025--1025
\T1/lmtt/m/n/10 \end{table} 
 []


Overfull \hbox (85.35826pt too wide) in paragraph at lines 1026--1026
[] 
 []

[15]
Overfull \hbox (85.35826pt too wide) in paragraph at lines 1030--1030
[] 
 []


Overfull \hbox (85.35826pt too wide) in paragraph at lines 1032--1032
[] 
 []


Overfull \hbox (6.60849pt too wide) in paragraph at lines 1033--1033
[]
 []


Overfull \hbox (80.10828pt too wide) in paragraph at lines 1033--1033
\T1/lmtt/m/n/10 \end{document} 
 []


Overfull \hbox (80.10828pt too wide) in paragraph at lines 1034--1034
[]
 []


Overfull \hbox (80.10828pt too wide) in paragraph at lines 1034--1034

 []

<samples/shortsample.pdf, id=276, 614.295pt x 794.97pt>
File: samples/shortsample.pdf Graphic file (type pdf)
<use samples/shortsample.pdf>
Package pdftex.def Info: samples/shortsample.pdf  used on input line 1042.
(pdftex.def)             Requested size: 375.80455pt x 502.99973pt.

Overfull \hbox (20.80455pt too wide) in paragraph at lines 1042--1043
[] 
 []

(./apa7.gls [16] [17 <./samples/shortsample.pdf>] [18]) (./apa7.ind)) [19] (./apa7.aux)
 ***********
LaTeX2e <2025-11-01>
L3 programming layer <2026-01-19>
 ***********
Package rerunfilecheck Info: File `apa7.out' has not changed.
(rerunfilecheck)             Checksum: 65CB11A62F9ABF26BAE7A8FBF35B1974;5310.
Package rerunfilecheck Info: File `apa7.hd' has not changed.
(rerunfilecheck)             Checksum: D41D8CD98F00B204E9800998ECF8427E;0.
 ) 
Here is how much of TeX's memory you used:
 21972 strings out of 467525
 407303 string characters out of 5420042
 799037 words of memory out of 5000000
 50388 multiletter control sequences out of 15000+600000
 714562 words of font info for 85 fonts, out of 8000000 for 9000
 1141 hyphenation exceptions out of 8191
 84i,9n,104p,410b,814s stack positions out of 10000i,1000n,20000p,200000b,200000s
</opt/TinyTeX/texmf-dist/fonts/type1/public/lm/lmbx10.pfb></opt/TinyTeX/texmf-dist/fonts/type1/public/lm/lmbx12.pfb></opt/TinyTeX/texmf-dist/fonts/type1/public/lm/lmbx9.pfb></opt/TinyTeX/texmf-dist/fonts/type1/public/lm/lmbxi10.pfb></opt/TinyTeX/texmf-dist/fonts/type1/public/lm/lmr10.pfb></opt/TinyTeX/texmf-dist/fonts/type1/public/lm/lmr12.pfb></opt/TinyTeX/texmf-dist/fonts/type1/public/lm/lmr17.pfb></opt/TinyTeX/texmf-dist/fonts/type1/public/lm/lmr7.pfb></opt/TinyTeX/texmf-dist/fonts/type1/public/lm/lmr8.pfb></opt/TinyTeX/texmf-dist/fonts/type1/public/lm/lmr9.pfb></opt/TinyTeX/texmf-dist/fonts/type1/public/lm/lmri10.pfb></opt/TinyTeX/texmf-dist/fonts/type1/public/lm/lmri9.pfb></opt/TinyTeX/texmf-dist/fonts/type1/public/lm/lmss10.pfb></opt/TinyTeX/texmf-dist/fonts/type1/public/lm/lmss17.pfb></opt/TinyTeX/texmf-dist/fonts/type1/public/lm/lmss9.pfb></opt/TinyTeX/texmf-dist/fonts/type1/public/lm/lmssbx10.pfb></opt/TinyTeX/texmf-dist/fonts/type1/public/lm/lmsy10.pfb></opt/TinyTeX/texmf-dist/fonts/type1/public/lm/lmsy6.pfb></opt/TinyTeX/texmf-dist/fonts/type1/public/lm/lmsy8.pfb></opt/TinyTeX/texmf-dist/fonts/type1/public/lm/lmtt10.pfb></opt/TinyTeX/texmf-dist/fonts/type1/public/lm/lmtt9.pfb></opt/TinyTeX/texmf-dist/fonts/type1/public/txfonts/rtxr.pfb></opt/TinyTeX/texmf-dist/fonts/type1/urw/helvetic/uhvr8a.pfb></opt/TinyTeX/texmf-dist/fonts/type1/urw/times/utmb8a.pfb></opt/TinyTeX/texmf-dist/fonts/type1/urw/times/utmbi8a.pfb></opt/TinyTeX/texmf-dist/fonts/type1/urw/times/utmr8a.pfb></opt/TinyTeX/texmf-dist/fonts/type1/urw/times/utmri8a.pfb>
Output written on apa7.pdf (19 pages, 556396 bytes).
PDF statistics:
 481 PDF objects out of 1000 (max. 8388607)
 398 compressed objects within 4 object streams
 58 named destinations out of 1000 (max. 500000)
 298 words of extra memory for PDF output out of 10000 (max. 10000000)

